// Jest Snapshot v1, https://goo.gl/fbAQLP

exports[`Test Platform API: crateAudioContext Test container: web 1`] = `<body />`;
