// Jest Snapshot v1, https://goo.gl/fbAQLP

exports[`Test Platform API: toast Test container: web 1`] = `
<body>
  <div
    role="alert"
    style="background-color: rgba(0, 0, 0, 0.6); box-sizing: border-box; max-width: 80%; color: rgb(255, 255, 255); padding: 8px 16px; position: fixed; display: flex; flex-direction: column; align-items: center; justify-content: center; left: 50%; bottom: 50%; font-size: 16px; line-height: 32px; font-weight: 600; border-radius: 4px; text-align: center; transition: all 0.4s ease-in-out; webkit-transition: all 0.4s ease-in-out; transform: translateX(-50%); webkit-transform: translateX(-50%); z-index: 9999;"
    tabindex="-1"
  >
    <img
      src="https://gw.alicdn.com/imgextra/i1/O1CN01h684sE1Td4mwYyChK_!!6000000002404-2-tps-200-200.png"
      style="margin-bottom: 5px; width: 45px; height: 45px;"
    />
    <div>
      abc
    </div>
  </div>
</body>
`;

exports[`Test Platform API: toast Test container: web 2`] = `<body />`;

exports[`Test Platform API: toast Test container: web 3`] = `
<body>
  <div
    role="alert"
    style="background-color: rgba(0, 0, 0, 0.6); box-sizing: border-box; max-width: 80%; color: rgb(255, 255, 255); padding: 8px 16px; position: fixed; display: flex; flex-direction: column; align-items: center; justify-content: center; left: 50%; bottom: 50%; font-size: 16px; line-height: 32px; font-weight: 600; border-radius: 4px; text-align: center; transition: all 0.4s ease-in-out; webkit-transition: all 0.4s ease-in-out; transform: translateX(-50%); webkit-transform: translateX(-50%); z-index: 9999;"
    tabindex="-1"
  >
    <img
      src="https://gw.alicdn.com/imgextra/i1/O1CN01yOywus1et4ORJzafk_!!6000000003928-2-tps-200-200.png"
      style="margin-bottom: 5px; width: 45px; height: 45px;"
    />
    <div>
      def
    </div>
  </div>
</body>
`;

exports[`Test Platform API: toast Test container: web 4`] = `<body />`;
