// Jest Snapshot v1, https://goo.gl/fbAQLP

exports[`Test Platform API: image Test container: web 1`] = `
<body>
  <input
    accept="image/*"
    id="input-10000"
    name="file"
    style="display: none;"
    type="file"
  />
</body>
`;

exports[`Test Platform API: image Test container: web 2`] = `<body />`;

exports[`Test Platform API: image Test container: web 3`] = `
<body>
  <style>
    .__universal_preview_image {  position: fixed;  top: 0;  left: 0;  right: 0;  bottom: 0;  z-index: 9999;  text-align: center;  background: #000;  box-sizing: border-box;  outline: none;  overflow: hidden;  animation-duration: .3s;  animation-fill-mode: both;}.__universal_preview_image_pageindex {  position: absolute;  top: 12px;  left: 0;  right: 0;  text-align: center;  color: #fff;  font-size: 16px;  z-index: 2;}.__universal_preview_image_swiper {  position: relative;  width: 100%;  height: 100%;  z-index: 1;  display: flex;  align-items: center;  transition-property: transform;  box-sizing: content-box;}.__universal_preview_image_item {  max-height: 70%;  display: flex;  justify-content: center;  align-items: center;  flex-shrink: 0;  width: 100%;  position: relative;  transition-property: transform;  overflow: hidden;}.__universal_preview_image_img {  width: 100%;}@keyframes __universal_preview_image_fadeIn {  0% {    opacity: 0;  }  100% {    opacity: 1;  }}@keyframes __universal_preview_image_fadeOut {  0% {    opacity: 1;  }  100% {    opacity: 0;  }}
  </style>
  <div
    class="__universal_preview_image"
    style="animation-name: __universal_preview_image_fadeIn;"
  >
    <div
      class="__universal_preview_image_pageindex"
    >
      1/2
    </div>
    <div
      class="__universal_preview_image_swiper"
      style="transform: translateX(0px);"
    >
      <div
        class="__universal_preview_image_item"
      >
        <img
          class="__universal_preview_image_img"
          src="a.png"
        />
      </div>
      <div
        class="__universal_preview_image_item"
      >
        <img
          class="__universal_preview_image_img"
          src="b.png"
        />
      </div>
    </div>
  </div>
</body>
`;
